
> openproject-1@0.2.0 build
> next build && cp -r .next/static .next/standalone/.next/ && cp -r public .next/standalone/

▲ Next.js 16.1.3 (Turbopack)
- Environments: .env.local

  Creating an optimized production build ...
Found 7 warnings while optimizing generated CSS:

Issue #1:
│     font-family: var(--mood-font-sans), sans-serif;
│   }
│   @keyframes select-flash {
┆                          ^-- Unknown at rule: @keyframes
┆
│     0% {
│       box-shadow: 0 0 0 0 rgba(251, 191, 36, 0.6);

Issue #2:
│     }
│   }
│   @keyframes pop-in {
┆                    ^-- Unknown at rule: @keyframes
┆
│     0% {
│       transform: scale(0);

Issue #3:
│     }
│   }
│   @keyframes fade-in-fast {
┆                          ^-- Unknown at rule: @keyframes
┆
│     0% {
│       opacity: 0;

Issue #4:
│     }
│   }
│   @keyframes pulse-slow {
┆                        ^-- Unknown at rule: @keyframes
┆
│     0%,

│     100% {

Issue #5:
│     animation: glitch-skew 1s infinite linear alternate-reverse;
│   }
│   @keyframes glitch-skew {
┆                         ^-- Unknown at rule: @keyframes
┆
│     0% {
│       transform: skew(0deg);

Issue #6:
│     margin-top: 4px;
│   }
│   @keyframes pipeline-pulse {
┆                            ^-- Unknown at rule: @keyframes
┆
│     0%,

│     100% {

Issue #7:
│     animation: terminal-blink 1s step-end infinite;
│   }
│   @keyframes terminal-blink {
┆                            ^-- Unknown at rule: @keyframes
┆
│     0%,

│     100% {

✓ Compiled successfully in 13.0s
  Running TypeScript ...
  Collecting page data using 7 workers ...
  Generating static pages using 7 workers (0/8) ...
  Generating static pages using 7 workers (2/8) 
  Generating static pages using 7 workers (4/8) 
  Generating static pages using 7 workers (6/8) 
✓ Generating static pages using 7 workers (8/8) in 545.8ms
  Finalizing page optimization ...

Route (app)
┌ ○ /
├ ○ /_not-found
├ ƒ /api
├ ƒ /api/health
├ ƒ /api/models
├ ƒ /api/session
└ ƒ /api/task


○  (Static)   prerendered as static content
ƒ  (Dynamic)  server-rendered on demand

'cp' is not recognized as an internal or external command,
operable program or batch file.
